
Gurobi 12.0.3 (win64) logging started Fri Aug  7 15:45:41 2026

Set parameter LogFile to value "results\benchmark_10yr\lunar_10yr_mip.log"

Gurobi 12.0.3 (win64) logging started Fri Aug  7 15:47:39 2026

Set parameter LogFile to value "results\benchmark_10yr\lunar_10yr_mip.log"
Gurobi Optimizer version 12.0.3 build v12.0.3rc0 (win64 - Windows 11+.0 (26200.2))

CPU model: AMD Ryzen 9 9950X3D 16-Core Processor, instruction set [SSE2|AVX|AVX2|AVX512]
Thread count: 16 physical cores, 32 logical processors, using up to 32 threads

Non-default parameters:
TimeLimit  60
MIPGap  0.05
MIPFocus  1
Seed  1

Optimize a model with 269255 rows, 259728 columns and 1447310 nonzeros
Model fingerprint: 0x179384c2
Variable types: 205732 continuous, 53996 integer (0 binary)
Coefficient statistics:
  Matrix range     [5e-02, 5e+04]
  Objective range  [1e+00, 4e+04]
  Bounds range     [4e+00, 3e+04]
  RHS range        [4e+00, 3e+05]
Presolve removed 16173 rows and 13326 columns
Presolve time: 1.50s
Presolved: 253082 rows, 246402 columns, 1401793 nonzeros
Variable types: 192521 continuous, 53881 integer (0 binary)
Deterministic concurrent LP optimizer: primal simplex, dual simplex, and barrier
Showing barrier log only...

Root barrier log...

Ordering time: 0.49s

Barrier statistics:
 AA' NZ     : 2.332e+06
 Factor NZ  : 6.517e+06 (roughly 260 MB of memory)
 Factor Ops : 5.819e+08 (less than 1 second per iteration)
 Threads    : 13

                  Objective                Residual
Iter       Primal          Dual         Primal    Dual     Compl     Time
   0   3.89746602e+16 -8.70626890e+17  7.33e+08 6.95e+04  3.44e+13     3s
   1   1.10121180e+16 -3.20439889e+17  1.77e+08 6.12e+04  8.29e+12     3s
   2   6.85551987e+15 -4.96692453e+16  1.09e+08 2.21e-06  5.01e+12     3s
   3   2.15496893e+15 -1.71259359e+16  3.36e+07 2.21e-06  1.56e+12     4s
   4   4.96876425e+14 -1.37250397e+16  6.96e+06 2.18e-06  3.40e+11     4s
   5   1.89403827e+14 -1.02332852e+16  2.10e+06 2.28e-06  1.07e+11     4s
   6   1.14887928e+14 -5.99985175e+15  9.57e+05 2.31e-06  4.77e+10     4s
   7   7.45737543e+13 -3.55798302e+15  4.29e+05 2.22e-06  2.15e+10     4s
   8   4.90995585e+13 -1.69971468e+15  1.74e+05 2.13e-06  8.78e+09     4s
   9   2.82879845e+13 -7.21863885e+14  5.98e+04 2.05e-06  3.08e+09     4s
  10   1.06704873e+13 -1.72784158e+14  1.71e+04 2.41e-06  8.24e+08     4s
  11   1.40284444e+12 -2.61028064e+13  1.36e+03 2.27e-06  8.09e+07     4s
  12   6.33071954e+11 -1.06327468e+13  1.93e+02 2.33e-06  2.00e+07     4s
  13   4.54075069e+11 -3.70544792e+12  5.24e+01 2.31e-06  6.30e+06     5s
  14   4.36972686e+11 -2.36413793e+12  4.82e+01 2.96e-06  4.24e+06     5s
  15   3.13689837e+11 -1.11145686e+12  2.12e+01 1.10e-06  2.07e+06     5s
  16   2.37005096e+11 -5.14061277e+11  1.14e+01 1.08e-06  1.07e+06     5s
  17   1.96609445e+11 -3.22531488e+11  8.47e+00 1.16e-06  7.38e+05     5s
  18   1.16268817e+11 -2.21070472e+11  3.53e+00 1.32e-06  4.74e+05     5s
  19   9.22736492e+10 -1.21564736e+11  2.50e+00 1.13e-06  3.00e+05     5s
  20   5.68844518e+10 -8.31443558e+10  1.31e+00 1.12e-06  1.96e+05     5s
  21   4.17200426e+10 -4.65865824e+10  8.93e-01 1.23e-06  1.24e+05     5s
  22   2.90293894e+10 -3.55499175e+10  5.53e-01 1.33e-06  9.01e+04     5s
  23   2.31039424e+10 -1.96177116e+10  3.94e-01 1.09e-06  5.96e+04     6s
  24   1.95044502e+10 -1.37425006e+10  2.99e-01 1.27e-06  4.64e+04     6s
  25   1.70913809e+10 -8.44761430e+09  2.40e-01 1.38e-06  3.56e+04     6s
  26   1.57634111e+10 -7.21931275e+09  2.09e-01 1.29e-06  3.21e+04     6s
  27   1.24448101e+10 -2.63158495e+08  1.32e-01 1.22e-06  1.78e+04     6s
  28   1.04617617e+10  2.00753965e+09  9.04e-02 1.21e-06  1.18e+04     6s
  29   9.29942537e+09  3.53818438e+09  6.71e-02 1.22e-06  8.06e+03     6s
  30   8.85700502e+09  3.83366485e+09  5.84e-02 1.50e-05  7.03e+03     6s
  31   8.50150828e+09  4.08415442e+09  5.17e-02 8.65e-06  6.18e+03     6s
  32   8.00178319e+09  4.17641590e+09  4.23e-02 2.09e-05  5.35e+03     7s
  33   7.06212458e+09  4.88271372e+09  2.44e-02 1.08e-05  3.05e+03     7s
  34   6.72829606e+09  5.08417622e+09  1.85e-02 7.71e-06  2.30e+03     7s
  35   6.48871872e+09  5.22603914e+09  1.42e-02 1.25e-06  1.77e+03     7s
  36   6.21722109e+09  5.34579257e+09  9.26e-03 5.34e-06  1.22e+03     7s
  37   6.18028776e+09  5.35624321e+09  8.61e-03 7.55e-06  1.15e+03     7s
  38   6.12887542e+09  5.39096437e+09  7.73e-03 1.47e-06  1.03e+03     7s
  39   6.00516928e+09  5.46541414e+09  5.59e-03 1.46e-06  7.55e+02     7s
  40   5.93454836e+09  5.49609566e+09  4.36e-03 1.56e-06  6.13e+02     7s
  41   5.90329641e+09  5.51828894e+09  3.83e-03 1.55e-06  5.38e+02     8s
  42   5.84111174e+09  5.57332427e+09  2.77e-03 1.34e-06  3.74e+02     8s
  43   5.82678948e+09  5.58990416e+09  2.53e-03 1.48e-06  3.31e+02     8s
  44   5.80643844e+09  5.60665681e+09  2.19e-03 1.35e-06  2.80e+02     8s
  45   5.76951853e+09  5.61459220e+09  1.58e-03 1.53e-06  2.17e+02     8s
  46   5.75800273e+09  5.63033518e+09  1.39e-03 1.48e-06  1.79e+02     8s
  47   5.74503527e+09  5.63920462e+09  1.17e-03 1.42e-06  1.48e+02     8s
  48   5.73014119e+09  5.64489472e+09  9.17e-04 1.57e-06  1.19e+02     8s
  49   5.71741396e+09  5.65037061e+09  7.10e-04 1.55e-06  9.38e+01     9s
  50   5.70088655e+09  5.65716057e+09  4.42e-04 1.37e-06  6.11e+01     9s
  51   5.69349410e+09  5.66601766e+09  3.20e-04 6.61e-06  3.85e+01     9s
  52   5.68820188e+09  5.66910684e+09  2.35e-04 1.89e-05  2.68e+01     9s
  53   5.68192689e+09  5.67044320e+09  1.37e-04 1.11e-06  1.61e+01     9s
  54   5.67844463e+09  5.67166392e+09  8.09e-05 1.19e-06  9.51e+00     9s
  55   5.67676039e+09  5.67221392e+09  5.40e-05 7.10e-06  6.38e+00     9s
  56   5.67476161e+09  5.67275149e+09  2.31e-05 1.03e-06  2.82e+00     9s
  57   5.67362631e+09  5.67310002e+09  5.93e-06 1.25e-06  7.38e-01     9s
  58   5.67324039e+09  5.67320731e+09  3.25e-07 1.07e-06  4.64e-02     9s
  59   5.67321422e+09  5.67321386e+09  6.38e-07 1.18e-05  5.11e-04     9s
  60   5.67321390e+09  5.67321389e+09  2.84e-08 1.30e-06  4.09e-06    10s
  61   5.67321390e+09  5.67321390e+09  3.26e-08 1.52e-05  1.72e-06    10s
  62   5.67321390e+09  5.67321390e+09  1.89e-08 1.19e-06  1.11e-06    10s

Barrier solved model in 62 iterations and 9.69 seconds (12.85 work units)
Optimal objective 5.67321390e+09


Root crossover log...

  200298 DPushes remaining with DInf 1.9512096e-05                10s
   15802 DPushes remaining with DInf 0.0000000e+00                11s
       0 DPushes remaining with DInf 0.0000000e+00                11s

   15116 PPushes remaining with PInf 0.0000000e+00                11s
       0 PPushes remaining with PInf 0.0000000e+00                11s

  Push phase complete: Pinf 0.0000000e+00, Dinf 1.0804019e-06     11s


Root simplex log...

Iteration    Objective       Primal Inf.    Dual Inf.      Time
   67538    5.6732139e+09   0.000000e+00   0.000000e+00     11s
Concurrent spin time: 0.00s

Solved with barrier

Root relaxation: objective 5.673214e+09, 67538 iterations, 9.34 seconds (13.32 work units)
Total elapsed time = 16.40s (DegenMoves)

    Nodes    |    Current Node    |     Objective Bounds      |     Work
 Expl Unexpl |  Obj  Depth IntInf | Incumbent    BestBd   Gap | It/Node Time

     0     0 5.6732e+09    0 4112          - 5.6732e+09      -     -   18s
     0     0 5.7069e+09    0 5188          - 5.7069e+09      -     -   30s
     0     0 5.7069e+09    0 4961          - 5.7069e+09      -     -   32s
     0     0 5.7069e+09    0 4971          - 5.7069e+09      -     -   32s
     0     0 5.7658e+09    0 6165          - 5.7658e+09      -     -   41s
     0     0 5.7660e+09    0 6103          - 5.7660e+09      -     -   42s
     0     0 5.7660e+09    0 6103          - 5.7660e+09      -     -   42s
     0     0 5.7940e+09    0 6053          - 5.7940e+09      -     -   54s
     0     0 5.7969e+09    0 5859          - 5.7969e+09      -     -   56s
     0     0 5.7969e+09    0 5887          - 5.7969e+09      -     -   57s

Cutting planes:
  Gomory: 46
  Lift-and-project: 8
  MIR: 945

Explored 1 nodes (111128 simplex iterations) in 60.03 seconds (126.19 work units)
Thread count was 32 (of 32 available processors)

Solution count 0

Time limit reached
Best objective -, best bound 5.796881073799e+09, gap -

Gurobi 12.0.3 (win64) logging started Fri Aug  7 15:50:57 2026

Set parameter LogFile to value "results\benchmark_10yr\lunar_10yr_mip.log"
