
Gurobi 12.0.3 (win64) logging started Mon Aug 10 14:57:29 2026

Set parameter LogFile to value "results\full_horizon_5yr.log"
Gurobi Optimizer version 12.0.3 build v12.0.3rc0 (win64 - Windows 11+.0 (26200.2))

CPU model: AMD Ryzen 9 9950X3D 16-Core Processor, instruction set [SSE2|AVX|AVX2|AVX512]
Thread count: 16 physical cores, 32 logical processors, using up to 32 threads

Non-default parameters:
TimeLimit  7200
MIPGap  0.025
Heuristics  0.2
MIPFocus  1
Symmetry  2
Cuts  2

Optimize a model with 67584 rows, 64673 columns and 362436 nonzeros
Model fingerprint: 0x6b0de84d
Variable types: 51382 continuous, 13291 integer (7 binary)
Coefficient statistics:
  Matrix range     [5e-02, 1e+05]
  Objective range  [4e+03, 3e+08]
  Bounds range     [1e+00, 1e+00]
  RHS range        [3e+03, 1e+04]
Presolve removed 2607 rows and 2242 columns
Presolve time: 0.17s
Presolved: 64977 rows, 62431 columns, 353081 nonzeros
Variable types: 49259 continuous, 13172 integer (0 binary)
Deterministic concurrent LP optimizer: primal and dual simplex
Showing primal log only...


Root simplex log...

Iteration    Objective       Primal Inf.    Dual Inf.      Time
   50932    4.0069820e+09   0.000000e+00   2.580312e+09      5s
   79056    4.0068063e+09   0.000000e+00   7.143443e+09     10s
  100264    4.0065536e+09   0.000000e+00   2.449034e+09     15s
  110692    3.9892947e+09   0.000000e+00   3.378987e+12     20s
  125293    3.1617751e+09   0.000000e+00   3.359363e+10     25s
  141021    2.9737450e+09   0.000000e+00   8.061599e+09     30s
  155955    2.9293574e+09   0.000000e+00   7.140463e+08     35s
  167135    2.9291087e+09   0.000000e+00   6.582355e+11     40s
  176211    2.9285561e+09   0.000000e+00   3.413407e+12     45s
  186471    2.9278756e+09   0.000000e+00   5.717789e+08     50s
  196741    2.9267235e+09   0.000000e+00   1.573669e+10     55s
  205511    2.9243953e+09   0.000000e+00   1.564613e+09     60s
  216951    2.9194750e+09   0.000000e+00   2.695522e+11     65s
  229521    2.9078469e+09   0.000000e+00   2.861595e+13     70s
  241711    2.8938104e+09   0.000000e+00   1.613391e+10     75s
  255269    2.8830864e+09   0.000000e+00   2.418381e+09     80s
  268963    2.8710022e+09   0.000000e+00   8.674842e+08     85s
  282473    2.8593530e+09   0.000000e+00   2.278495e+10     90s
  296439    2.8554450e+09   0.000000e+00   1.182514e+11     95s
  309199    2.8522632e+09   0.000000e+00   3.803118e+10    100s
  323295    2.8513500e+09   0.000000e+00   4.483856e+09    105s
  334535    2.8510294e+09   0.000000e+00   2.331428e+07    110s
  343227    2.8494532e+09   0.000000e+00   4.668539e+09    115s
  351737    2.8489537e+09   0.000000e+00   5.989515e+09    120s
  360647    2.8488436e+09   0.000000e+00   4.352503e+09    125s
  368607    2.8487950e+09   0.000000e+00   1.692198e+08    130s
  376387    2.8487224e+09   0.000000e+00   2.632048e+09    135s
  384647    2.8486769e+09   0.000000e+00   2.578234e+08    140s
  392297    2.8485973e+09   0.000000e+00   4.078162e+10    145s
  400277    2.8485681e+09   0.000000e+00   6.164826e+09    150s
  408857    2.8484976e+09   0.000000e+00   1.739613e+06    155s
  417547    2.8484663e+09   0.000000e+00   2.051660e+10    160s
  426077    2.8484472e+09   0.000000e+00   4.714853e+05    165s
  433469    2.8487911e+09   3.931066e+02   0.000000e+00    170s
  433540    2.8487911e+09   0.000000e+00   0.000000e+00    170s
Concurrent spin time: 45.00s (can be avoided by choosing Method=3)

Solved with dual simplex

Root simplex log...

Iteration    Objective       Primal Inf.    Dual Inf.      Time
  188471    2.8487911e+09   0.000000e+00   0.000000e+00    215s
Extra simplex iterations after uncrush: 1

Root relaxation: objective 2.848791e+09, 188471 iterations, 214.81 seconds (417.70 work units)

    Nodes    |    Current Node    |     Objective Bounds      |     Work
 Expl Unexpl |  Obj  Depth IntInf | Incumbent    BestBd   Gap | It/Node Time

     0     0 2.8488e+09    0 2244          - 2.8488e+09      -     -  217s
H    0     0                    5.258228e+10 2.8782e+09  94.5%     -  223s
     0     0 3.9230e+09    0 2241 5.2582e+10 3.9230e+09  92.5%     -  257s
     0     0 4.4420e+09    0 2351 5.2582e+10 4.4420e+09  91.6%     -  346s
     0     0 4.4420e+09    0 2343 5.2582e+10 4.4420e+09  91.6%     -  347s
     0     0 4.5514e+09    0 2307 5.2582e+10 4.5514e+09  91.3%     -  370s
     0     0 4.5514e+09    0 2308 5.2582e+10 4.5514e+09  91.3%     -  370s
     0     0 5.1141e+09    0 2301 5.2582e+10 5.1141e+09  90.3%     -  426s
     0     0 5.4756e+09    0 2317 5.2582e+10 5.4756e+09  89.6%     -  467s
     0     0 5.5002e+09    0 2318 5.2582e+10 5.5002e+09  89.5%     -  467s
     0     0 5.6395e+09    0 2346 5.2582e+10 5.6395e+09  89.3%     -  497s
     0     0 5.6395e+09    0 2330 5.2582e+10 5.6395e+09  89.3%     -  499s
     0     0 5.7619e+09    0 2360 5.2582e+10 5.7619e+09  89.0%     -  504s
     0     0 5.7619e+09    0 2360 5.2582e+10 5.7619e+09  89.0%     -  504s
     0     0 5.7651e+09    0 2356 5.2582e+10 5.7651e+09  89.0%     -  508s
     0     0 5.7651e+09    0 2345 5.2582e+10 5.7651e+09  89.0%     -  509s
     0     0 5.7714e+09    0 2347 5.2582e+10 5.7714e+09  89.0%     -  510s
     0     0 5.7924e+09    0 2318 5.2582e+10 5.7924e+09  89.0%     -  532s
     0     0 5.7924e+09    0 2318 5.2582e+10 5.7924e+09  89.0%     -  534s
     0     0 5.8521e+09    0 2328 5.2582e+10 5.8521e+09  88.9%     -  560s
     0     0 5.8521e+09    0 2324 5.2582e+10 5.8521e+09  88.9%     -  562s
     0     0 5.8521e+09    0 2324 5.2582e+10 5.8521e+09  88.9%     -  563s
     0     0 5.8886e+09    0 2327 5.2582e+10 5.8886e+09  88.8%     -  572s
H    0     0                    8.473068e+09 5.8886e+09  30.5%     - 1174s
     0     2 5.8886e+09    0 2307 8.4731e+09 5.8886e+09  30.5%     - 1179s
     1     3 5.9734e+09    1 2302 8.4731e+09 5.8886e+09  30.5% 72615 1242s
     2     6 6.0289e+09    2 2315 8.4731e+09 5.8886e+09  30.5% 39858 1254s
     5     9 6.1905e+09    2 2412 8.4731e+09 5.8915e+09  30.5% 35363 1332s
     8    17 6.2782e+09    4 2141 8.4731e+09 5.8915e+09  30.5% 37731 1423s
    16    32 6.2823e+09    5 2125 8.4731e+09 6.1834e+09  27.0% 35724 1484s
    31    46 6.2831e+09    6 2107 8.4731e+09 6.1834e+09  27.0% 27196 1530s
    45    77 6.2831e+09    7 2063 8.4731e+09 6.1834e+09  27.0% 23775 1580s
    76    90 6.2564e+09    9 2034 8.4731e+09 6.1834e+09  27.0% 17148 1637s
    89   119 6.2862e+09    9 2049 8.4731e+09 6.1834e+09  27.0% 15864 1691s
   118   130 6.2893e+09    9 2296 8.4731e+09 6.1834e+09  27.0% 13870 1747s
   129   139 6.2577e+09    8 2015 8.4731e+09 6.1834e+09  27.0% 13816 2049s
   138   148 6.2964e+09   13 2424 8.4731e+09 6.1834e+09  27.0% 13768 2187s

Cutting planes:
  Gomory: 10
  Lift-and-project: 2
  MIR: 242

Explored 147 nodes (2415808 simplex iterations) in 2187.85 seconds (4796.18 work units)
Thread count was 32 (of 32 available processors)

Solution count 2: 8.47307e+09 8.47307e+09 

Solve interrupted
Best objective 8.473067547057e+09, best bound 6.183433643369e+09, gap 27.0225%
